0x00000000558be000 JavaThread "C2 CompilerThread2" daemon [_thread_in_native, id=9412, stack(0x0000000058540000,0x0000000058640000)]
  0x00000000558bb000 JavaThread "C2 CompilerThread1" daemon [_thread_in_native, id=6452, stack(0x0000000058320000,0x0000000058420000)]
  0x000000005696a800 JavaThread "C2 CompilerThread0" daemon [_thread_blocked, id=8664, stack(0x0000000058080000,0x0000000058180000)]
  0x0000000056969000 JavaThread "Attach Listener" daemon [_thread_blocked, id=248, stack(0x0000000057c10000,0x0000000057d10000)]
  0x0000000056968000 JavaThread "Signal Dispatcher" daemon [_thread_blocked, id=6852, stack(0x0000000057f80000,0x0000000058080000)]
  0x00000000558b1800 JavaThread "Finalizer" daemon [_thread_blocked, id=5648, stack(0x0000000057d80000,0x0000000057e80000)]
  0x00000000558aa800 JavaThread "Reference Handler" daemon [_thread_blocked, id=3768, stack(0x0000000057ac0000,0x0000000057bc0000)]
  0x000000000241f000 JavaThread "main" [_thread_blocked, id=8532, stack(0x0000000002590000,0x0000000002690000)]

Other Threads:
  0x00000000558a1800 VMThread [stack: 0x00000000578d0000,0x00000000579d0000] [id=6816]
  0x0000000056a10000 WatcherThread [stack: 0x00000000586b0000,0x00000000587b0000] [id=8512]

VM state:not at safepoint (normal execution)

VM Mutex/Monitor currently owned by a thread: None

Heap:
 PSYoungGen      total 305664K, used 217379K [0x00000000eab00000, 0x00000000fe980000, 0x0000000100000000)
  eden space 286720K, 75% used [0x00000000eab00000,0x00000000f7f48e50,0x00000000fc300000)
  from space 18944K, 0% used [0x00000000fd600000,0x00000000fd600000,0x00000000fe880000)
  to   space 19456K, 0% used [0x00000000fc300000,0x00000000fc300000,0x00000000fd600000)
 ParOldGen       total 87040K, used 31321K [0x00000000c0000000, 0x00000000c5500000, 0x00000000eab00000)
  object space 87040K, 35% used [0x00000000c0000000,0x00000000c1e964f0,0x00000000c5500000)
 Metaspace       used 52934K, capacity 54090K, committed 54400K, reserved 1095680K
  class space    used 7211K, capacity 7514K, committed 7552K, reserved 1048576K

Card table byte_map: [0x0000000011d20000,0x0000000011f30000] byte_map_base: 0x0000000011720000

Marking Bits: (ParMarkBitMap*) 0x000000005936a6d0
 Begin Bits: [0x0000000012cc0000, 0x0000000013cc0000)
 End Bits:   [0x0000000013cc0000, 0x0000000014cc0000)

Polling page: 0x0000000000130000

CodeCache: size=245760Kb used=23476Kb max_used=23486Kb free=222283Kb
 bounds [0x0000000002960000, 0x0000000004070000, 0x0000000011960000]
 total_blobs=7713 nmethods=6984 adapters=640
 compilation: enabled

Compilation events (10 events):
Event: 91.814 Thread 0x000000005696a800 nmethod 7992 0x0000000003f29f90 code [0x0000000003f2a0c0, 0x0000000003f2a118]
Event: 91.814 Thread 0x000000005697d000 nmethod 7991 0x0000000004054ad0 code [0x0000000004054c40, 0x0000000004054ea8]
Event: 91.814 Thread 0x000000005697d000 7990       3       sun.reflect.ClassFileAssembler::decStack (11 bytes)
Event: 91.814 Thread 0x000000005697d000 nmethod 7990 0x0000000004067690 code [0x00000000040677e0, 0x0000000004067930]
Event: 91.847 Thread 0x000000005696a800 7993       4       java.lang.ProcessEnvironment$NameComparator::compare (90 bytes)
Event: 91.847 Thread 0x000000005697d000 7994       3       java.util.concurrent.atomic.AtomicInteger::compareAndSet (13 bytes)
Event: 91.848 Thread 0x000000005697d000 nmethod 7994 0x0000000004067350 code [0x00000000040674a0, 0x0000000004067610]
Event: 91.857 Thread 0x000000005696a800 nmethod 7993 0x00000000040667d0 code [0x0000000004066940, 0x0000000004066e98]
Event: 92.486 Thread 0x000000005697d000 7995       3       java.util.concurrent.locks.ReentrantLock$Sync::nonfairTryAcquire (67 bytes)
Event: 92.486 Thread 0x000000005697d000 nmethod 7995 0x0000000004068bd0 code [0x0000000004068d60, 0x0000000004069488]

GC Heap History (10 events):
Event: 6.886 GC heap before
{Heap before GC invocations=7 (full 1):
 PSYoungGen      total 138240K, used 90017K [0x00000000eab00000, 0x00000000f7d80000, 0x0000000100000000)
  eden space 133120K, 63% used [0x00000000eab00000,0x00000000efdeb410,0x00000000f2d00000)
  from space 5120K, 99% used [0x00000000f2d00000,0x00000000f31fd020,0x00000000f3200000)
  to   space 12288K, 0% used [0x00000000f7180000,0x00000000f7180000,0x00000000f7d80000)
 ParOldGen       total 61952K, used 17787K [0x00000000c0000000, 0x00000000c3c80000, 0x00000000eab00000)
  object space 61952K, 28% used [0x00000000c0000000,0x00000000c115efb8,0x00000000c3c80000)
 Metaspace       used 34744K, capacity 35330K, committed 35456K, reserved 1079296K
  class space    used 4796K, capacity 4923K, committed 4992K, reserved 1048576K
Event: 6.899 GC heap after
Heap after GC invocations=7 (full 1):
 PSYoungGen      total 200704K, used 12259K [0x00000000eab00000, 0x00000000f9d80000, 0x0000000100000000)
  eden space 188416K, 0% used [0x00000000eab00000,0x00000000eab00000,0x00000000f6300000)
  from space 12288K, 99% used [0x00000000f7180000,0x00000000f7d78d58,0x00000000f7d80000)
  to   space 14848K, 0% used [0x00000000f6300000,0x00000000f6300000,0x00000000f7180000)
 ParOldGen       total 61952K, used 19149K [0x00000000c0000000, 0x00000000c3c80000, 0x00000000eab00000)
  object space 61952K, 30% used [0x00000000c0000000,0x00000000c12b3720,0x00000000c3c80000)
 Metaspace       used 34744K, capacity 35330K, committed 35456K, reserved 1079296K
  class space    used 4796K, capacity 4923K, committed 4992K, reserved 1048576K
}
Event: 6.899 GC heap before
{Heap before GC invocations=8 (full 2):
 PSYoungGen      total 200704K, used 12259K [0x00000000eab00000, 0x00000000f9d80000, 0x0000000100000000)
  eden space 188416K, 0% used [0x00000000eab00000,0x00000000eab00000,0x00000000f6300000)
  from space 12288K, 99% used [0x00000000f7180000,0x00000000f7d78d58,0x00000000f7d80000)
  to   space 14848K, 0% used [0x00000000f6300000,0x00000000f6300000,0x00000000f7180000)
 ParOldGen       total 61952K, used 19149K [0x00000000c0000000, 0x00000000c3c80000, 0x00000000eab00000)
  object space 61952K, 30% used [0x00000000c0000000,0x00000000c12b3720,0x00000000c3c80000)
 Metaspace       used 34744K, capacity 35330K, committed 35456K, reserved 1079296K
  class space    used 4796K, capacity 4923K, committed 4992K, reserved 1048576K
Event: 6.974 GC heap after
Heap after GC invocations=8 (full 2):
 PSYoungGen      total 200704K, used 0K [0x00000000eab00000, 0x00000000f9d80000, 0x0000000100000000)
  eden space 188416K, 0% used [0x00000000eab00000,0x00000000eab00000,0x00000000f6300000)
  from space 12288K, 0% used [0x00000000f7180000,0x00000000f7180000,0x00000000f7d80000)
  to   space 14848K, 0% used [0x00000000f6300000,0x00000000f6300000,0x00000000f7180000)
 ParOldGen       total 87040K, used 20454K [0x00000000c0000000, 0x00000000c5500000, 0x00000000eab00000)
  object space 87040K, 23% used [0x00000000c0000000,0x00000000c13f99b8,0x00000000c5500000)
 Metaspace       used 34744K, capacity 35330K, committed 35456K, reserved 1079296K
  class space    used 4796K, capacity 4923K, committed 4992K, reserved 1048576K
}
Event: 11.392 GC heap before
{Heap before GC invocations=9 (full 2):
 PSYoungGen      total 200704K, used 188416K [0x00000000eab00000, 0x00000000f9d80000, 0x0000000100000000)
  eden space 188416K, 100% used [0x00000000eab00000,0x00000000f6300000,0x00000000f6300000)
  from space 12288K, 0% used [0x00000000f7180000,0x00000000f7180000,0x00000000f7d80000)
  to   space 14848K, 0% used [0x00000000f6300000,0x00000000f6300000,0x00000000f7180000)
 ParOldGen       total 87040K, used 20454K [0x00000000c0000000, 0x00000000c5500000, 0x00000000eab00000)
  object space 87040K, 23% used [0x00000000c0000000,0x00000000c13f99b8,0x00000000c5500000)
 Metaspace       used 46590K, capacity 47464K, committed 47744K, reserved 1089536K
  class space    used 6474K, capacity 6733K, committed 6784K, reserved 1048576K
Event: 11.412 GC heap after
Heap after GC invocations=9 (full 2):
 PSYoungGen      total 203264K, used 14817K [0x00000000eab00000, 0x00000000fe880000, 0x0000000100000000)
  eden space 188416K, 0% used [0x00000000eab00000,0x00000000eab00000,0x00000000f6300000)
  from space 14848K, 99% used [0x00000000f6300000,0x00000000f71784f0,0x00000000f7180000)
  to   space 18944K, 0% used [0x00000000fd600000,0x00000000fd600000,0x00000000fe880000)
 ParOldGen       total 87040K, used 24030K [0x00000000c0000000, 0x00000000c5500000, 0x00000000eab00000)
  object space 87040K, 27% used [0x00000000c0000000,0x00000000c1777990,0x00000000c5500000)
 Metaspace       used 46590K, capacity 47464K, committed 47744K, reserved 1089536K
  class space    used 6474K, capacity 6733K, committed 6784K, reserved 1048576K
}
Event: 15.678 GC heap before
{Heap before GC invocations=10 (full 2):
 PSYoungGen      total 203264K, used 42273K [0x00000000eab00000, 0x00000000fe880000, 0x0000000100000000)
  eden space 188416K, 14% used [0x00000000eab00000,0x00000000ec5d0270,0x00000000f6300000)
  from space 14848K, 99% used [0x00000000f6300000,0x00000000f71784f0,0x00000000f7180000)
  to   space 18944K, 0% used [0x00000000fd600000,0x00000000fd600000,0x00000000fe880000)
 ParOldGen       total 87040K, used 24030K [0x00000000c0000000, 0x00000000c5500000, 0x00000000eab00000)
  object space 87040K, 27% used [0x00000000c0000000,0x00000000c1777990,0x00000000c5500000)
 Metaspace       used 46920K, capacity 47816K, committed 48000K, reserved 1091584K
  class space    used 6512K, capacity 6765K, committed 6784K, reserved 1048576K
Event: 16.416 GC heap after
Heap after GC invocations=10 (full 2):
 PSYoungGen      total 305664K, used 13796K [0x00000000eab00000, 0x00000000fe980000, 0x0000000100000000)
  eden space 286720K, 0% used [0x00000000eab00000,0x00000000eab00000,0x00000000fc300000)
  from space 18944K, 72% used [0x00000000fd600000,0x00000000fe3793b8,0x00000000fe880000)
  to   space 19456K, 0% used [0x00000000fc300000,0x00000000fc300000,0x00000000fd600000)
 ParOldGen       total 87040K, used 24030K [0x00000000c0000000, 0x00000000c5500000, 0x00000000eab00000)
  object space 87040K, 27% used [0x00000000c0000000,0x00000000c1777990,0x00000000c5500000)
 Metaspace       used 46920K, capacity 47816K, committed 48000K, reserved 1091584K
  class space    used 6512K, capacity 6765K, committed 6784K, reserved 1048576K
}
Event: 16.416 GC heap before
{Heap before GC invocations=11 (full 3):
 PSYoungGen      total 305664K, used 13796K [0x00000000eab00000, 0x00000000fe980000, 0x0000000100000000)
  eden space 286720K, 0% used [0x00000000eab00000,0x00000000eab00000,0x00000000fc300000)
  from space 18944K, 72% used [0x00000000fd600000,0x00000000fe3793b8,0x00000000fe880000)
  to   space 19456K, 0% used [0x00000000fc300000,0x00000000fc300000,0x00000000fd600000)
 ParOldGen       total 87040K, used 24030K [0x00000000c0000000, 0x00000000c5500000, 0x00000000eab00000)
  object space 87040K, 27% used [0x00000000c0000000,0x00000000c1777990,0x00000000c5500000)
 Metaspace       used 46920K, capacity 47816K, committed 48000K, reserved 1091584K
  class space    used 6512K, capacity 6765K, committed 6784K, reserved 1048576K
Event: 17.475 GC heap after
Heap after GC invocations=11 (full 3):
 PSYoungGen      total 305664K, used 0K [0x00000000eab00000, 0x00000000fe980000, 0x0000000100000000)
  eden space 286720K, 0% used [0x00000000eab00000,0x00000000eab00000,0x00000000fc300000)
  from space 18944K, 0% used [0x00000000fd600000,0x00000000fd600000,0x00000000fe880000)
  to   space 19456K, 0% used [0x00000000fc300000,0x00000000fc300000,0x00000000fd600000)
 ParOldGen       total 87040K, used 31321K [0x00000000c0000000, 0x00000000c5500000, 0x00000000eab00000)
  object space 87040K, 35% used [0x00000000c0000000,0x00000000c1e964f0,0x00000000c5500000)
 Metaspace       used 46920K, capacity 47816K, committed 48000K, reserved 1091584K
  class space    used 6512K, capacity 6765K, committed 6784K, reserved 1048576K
}

Deoptimization events (10 events):
Event: 91.469 Thread 0x000000005c0ce800 Uncommon trap: reason=unstable_if action=reinterpret pc=0x0000000003f32ab4 method=com.sun.tools.javac.code.Types$19.visitClassType(Lcom/sun/tools/javac/code/Type$ClassType;Ljava/lang/Void;)Lcom/sun/tools/javac/util/List; @ 67
Event: 91.469 Thread 0x000000005c0ce800 Uncommon trap: reason=unstable_if action=reinterpret pc=0x0000000003f2fe34 method=com.sun.tools.javac.code.Types$19.visitClassType(Lcom/sun/tools/javac/code/Type$ClassType;Ljava/lang/Void;)Lcom/sun/tools/javac/util/List; @ 67
Event: 91.525 Thread 0x000000005c0ce800 Uncommon trap: reason=unstable_if action=reinterpret pc=0x0000000003e35acc method=com.sun.tools.javac.util.Convert.chars2utf([CI[BII)I @ 35
Event: 91.595 Thread 0x000000005c0ce800 Uncommon trap: reason=class_check action=maybe_recompile pc=0x0000000003db90f8 method=sun.nio.fs.WindowsPath.equals(Ljava/lang/Object;)Z @ 13
Event: 91.596 Thread 0x000000005c0ce800 Uncommon trap: reason=class_check action=maybe_recompile pc=0x0000000003db90f8 method=sun.nio.fs.WindowsPath.equals(Ljava/lang/Object;)Z @ 13
Event: 91.597 Thread 0x000000005c0ce800 Uncommon trap: reason=class_check action=maybe_recompile pc=0x0000000003db90f8 method=sun.nio.fs.WindowsPath.equals(Ljava/lang/Object;)Z @ 13
Event: 91.635 Thread 0x000000005c0ce800 Uncommon trap: reason=class_check action=maybe_recompile pc=0x0000000003db90f8 method=sun.nio.fs.WindowsPath.equals(Ljava/lang/Object;)Z @ 13
Event: 91.635 Thread 0x000000005c0ce800 Uncommon trap: reason=class_check action=maybe_recompile pc=0x0000000003fb49ac method=sun.nio.fs.WindowsPath.equals(Ljava/lang/Object;)Z @ 13
Event: 91.694 Thread 0x000000005c0ce800 Uncommon trap: reason=unstable_if action=reinterpret pc=0x0000000003b90e18 method=java.io.BufferedOutputStream.write([BII)V @ 6
Event: 91.808 Thread 0x000000005c0d4800 Uncommon trap: reason=unstable_if action=reinterpret pc=0x00000000030ea430 method=java.util.concurrent.locks.ReentrantLock$Sync.nonfairTryAcquire(I)Z @ 19

Internal exceptions (10 events):
Event: 18.660 Thread 0x000000005a47d800 Exception <a 'java/lang/NoSuchMethodError': <clinit>> (0x00000000eb6b1070) thrown at [C:\re\workspace\8-2-build-windows-amd64-cygwin\jdk8u101\7261\hotspot\src\share\vm\prims\jni.cpp, line 1613]
Event: 18.661 Thread 0x000000005a47d800 Exception <a 'java/lang/NoSuchMethodError': <clinit>> (0x00000000eb6b44d8) thrown at [C:\re\workspace\8-2-build-windows-amd64-cygwin\jdk8u101\7261\hotspot\src\share\vm\prims\jni.cpp, line 1613]
Event: 18.670 Thread 0x000000005a47d800 Exception <a 'java/lang/NoSuchMethodError': <clinit>> (0x00000000eb6d10e0) thrown at [C:\re\workspace\8-2-build-windows-amd64-cygwin\jdk8u101\7261\hotspot\src\share\vm\prims\jni.cpp, line 1613]
Event: 18.684 Thread 0x000000005a47d800 Exception <a 'java/lang/NoSuchMethodError': <clinit>> (0x00000000eb6f0b58) thrown at [C:\re\workspace\8-2-build-windows-amd64-cygwin\jdk8u101\7261\hotspot\src\share\vm\prims\jni.cpp, line 1613]
Event: 18.687 Thread 0x000000005a47d800 Exception <a 'java/lang/NoSuchMethodError': <clinit>> (0x00000000eb70d118) thrown at [C:\re\workspace\8-2-build-windows-amd64-cygwin\jdk8u101\7261\hotspot\src\share\vm\prims\jni.cpp, line 1613]
Event: 18.747 Thread 0x000000005a565000 Exception <a 'java/lang/NoSuchMethodError': <clinit>> (0x00000000ec6dd808) thrown at [C:\re\workspace\8-2-build-windows-amd64-cygwin\jdk8u101\7261\hotspot\src\share\vm\prims\jni.cpp, line 1613]
Event: 88.731 Thread 0x000000005c0ce800 Exception <a 'java/lang/ClassNotFoundException': asLocalRepo99_bvsv6bo73vtes0y3hx5rbeam0BeanInfo> (0x00000000ed9ba0d8) thrown at [C:\re\workspace\8-2-build-windows-amd64-cygwin\jdk8u101\7261\hotspot\src\share\vm\classfile\systemDictionary.cpp, line 210]
Event: 88.731 Thread 0x000000005c0ce800 Exception <a 'java/lang/ClassNotFoundException': asLocalRepo99_bvsv6bo73vtes0y3hx5rbeam0Customizer> (0x00000000ed9c3c58) thrown at [C:\re\workspace\8-2-build-windows-amd64-cygwin\jdk8u101\7261\hotspot\src\share\vm\classfile\systemDictionary.cpp, line 210]
Event: 89.309 Thread 0x000000005c0ce800 Exception <a 'java/lang/reflect/InvocationTargetException'> (0x00000000f1bc01e8) thrown at [C:\re\workspace\8-2-build-windows-amd64-cygwin\jdk8u101\7261\hotspot\src\share\vm\runtime\reflection.cpp, line 1092]
Event: 90.820 Thread 0x000000005c0ce800 Implicit null exception at 0x0000000003d8fe18 to 0x0000000003d91681

Events (10 events):
Event: 91.847 Thread 0x000000005f661800 Thread added: 0x000000005f661800
Event: 91.847 Thread 0x000000005f662000 Thread added: 0x000000005f662000
Event: 91.848 Thread 0x000000005d719800 Thread added: 0x000000005d719800
Event: 91.848 Thread 0x000000005f661800 Thread exited: 0x000000005f661800
Event: 91.848 Thread 0x000000005f661800 Thread added: 0x000000005f661800
Event: 91.861 Thread 0x000000005d71a000 Thread added: 0x000000005d71a000
Event: 91.861 Thread 0x000000005d71b000 Thread added: 0x000000005d71b000
Event: 91.861 Thread 0x000000005d71a000 Thread exited: 0x000000005d71a000
Event: 91.861 Thread 0x000000005d71a000 Thread added: 0x000000005d71a000
Event: 91.861 Thread 0x000000005d71b800 Thread added: 0x000000005d71b800


Dynamic libraries:
0x000000013f4e0000 - 0x000000013f517000 	C:\Program Files\Java\jdk1.8.0_101\bin\java.exe
0x0000000077940000 - 0x0000000077aea000 	C:\Windows\SYSTEM32\ntdll.dll
0x0000000077720000 - 0x000000007783f000 	C:\Windows\system32\kernel32.dll
0x000007fefd990000 - 0x000007fefd9fa000 	C:\Windows\system32\KERNELBASE.dll
0x000007fefe910000 - 0x000007fefe9eb000 	C:\Windows\system32\ADVAPI32.dll
0x000007feffbb0000 - 0x000007feffc4f000 	C:\Windows\system32\msvcrt.dll
0x000007feff9c0000 - 0x000007feff9df000 	C:\Windows\SYSTEM32\sechost.dll
0x000007feff9e0000 - 0x000007feffb0d000 	C:\Windows\system32\RPCRT4.dll
0x0000000077840000 - 0x000000007793a000 	C:\Windows\system32\USER32.dll
0x000007fefe9f0000 - 0x000007fefea57000 	C:\Windows\system32\GDI32.dll
0x000007fefeae0000 - 0x000007fefeaee000 	C:\Windows\system32\LPK.dll
0x000007fefe210000 - 0x000007fefe2da000 	C:\Windows\system32\USP10.dll
0x000007fefb210000 - 0x000007fefb404000 	C:\Windows\WinSxS\amd64_microsoft.windows.common-controls_6595b64144ccf1df_6.0.7601.18837_none_fa3b1e3d17594757\COMCTL32.dll
0x000007fefea60000 - 0x000007fefead1000 	C:\Windows\system32\SHLWAPI.dll
0x000007feff990000 - 0x000007feff9be000 	C:\Windows\system32\IMM32.DLL
0x000007feff880000 - 0x000007feff989000 	C:\Windows\system32\MSCTF.dll
0x000007fefd590000 - 0x000007fefd5d4000 	C:\windows\system32\nvinitx.dll
0x0000000069c10000 - 0x0000000069ce2000 	C:\Program Files\Java\jdk1.8.0_101\jre\bin\msvcr100.dll
0x0000000058b50000 - 0x00000000593ea000 	C:\Program Files\Java\jdk1.8.0_101\jre\bin\server\jvm.dll
0x000007fef8cb0000 - 0x000007fef8cb9000 	C:\Windows\system32\WSOCK32.dll
0x000007fefe3c0000 - 0x000007fefe40d000 	C:\Windows\system32\WS2_32.dll
0x000007fefe900000 - 0x000007fefe908000 	C:\Windows\system32\NSI.dll
0x000007fefada0000 - 0x000007fefaddb000 	C:\Windows\system32\WINMM.dll
0x000007fefc6a0000 - 0x000007fefc6ac000 	C:\Windows\system32\VERSION.dll
0x0000000077b10000 - 0x0000000077b17000 	C:\Windows\system32\PSAPI.DLL
0x00000000720f0000 - 0x00000000720ff000 	C:\Program Files\Java\jdk1.8.0_101\jre\bin\verify.dll
0x00000000720c0000 - 0x00000000720e9000 	C:\Program Files\Java\jdk1.8.0_101\jre\bin\java.dll
0x00000000720a0000 - 0x00000000720b6000 	C:\Program Files\Java\jdk1.8.0_101\jre\bin\zip.dll
0x000007fefeaf0000 - 0x000007feff87a000 	C:\Windows\system32\SHELL32.dll
0x000007fefdd20000 - 0x000007fefdf23000 	C:\Windows\system32\ole32.dll
0x000007fefd670000 - 0x000007fefd67f000 	C:\Windows\system32\profapi.dll
0x0000000072080000 - 0x000000007209a000 	C:\Program Files\Java\jdk1.8.0_101\jre\bin\net.dll
0x000007fefce00000 - 0x000007fefce55000 	C:\Windows\system32\mswsock.dll
0x000007fefcdf0000 - 0x000007fefcdf7000 	C:\Windows\System32\wship6.dll
0x0000000071190000 - 0x00000000711a1000 	C:\Program Files\Java\jdk1.8.0_101\jre\bin\nio.dll
0x000007fef2eb0000 - 0x000007fef2ec2000 	C:\Users\Jérémie\.gradle\native\19\windows-amd64\native-platform.dll
0x000007fefce60000 - 0x000007fefce78000 	C:\Windows\system32\CRYPTSP.dll
0x000007fefcb60000 - 0x000007fefcba7000 	C:\Windows\system32\rsaenh.dll
0x000007fefda00000 - 0x000007fefda1e000 	C:\Windows\system32\USERENV.dll
0x000007fefd4c0000 - 0x000007fefd4cf000 	C:\Windows\system32\CRYPTBASE.dll
0x000007fefbe50000 - 0x000007fefbe77000 	C:\Windows\system32\IPHLPAPI.DLL
0x000007fefbe40000 - 0x000007fefbe4b000 	C:\Windows\system32\WINNSI.DLL
0x000007fefbc30000 - 0x000007fefbc48000 	C:\Windows\system32\dhcpcsvc.DLL
0x000007fefbc50000 - 0x000007fefbc61000 	C:\Windows\system32\dhcpcsvc6.DLL
0x0000000073140000 - 0x000000007314d000 	C:\Program Files\Java\jdk1.8.0_101\jre\bin\management.dll
0x000007fefd460000 - 0x000007fefd4b7000 	C:\Windows\system32\apphelp.dll

VM Arguments:
jvm_args: -XX:MaxPermSize=256m -XX:+HeapDumpOnOutOfMemoryError -Xmx1024m -Dfile.encoding=windows-1252 -Duser.country=FR -Duser.language=fr -Duser.variant 
java_command: org.gradle.launcher.daemon.bootstrap.GradleDaemon 2.14.1
java_class_path (initial): C:\Program Files\Android\Android Studio\gradle\gradle-2.14.1\lib\gradle-launcher-2.14.1.jar
Launcher Type: SUN_STANDARD

Environment Variables:
PATH=C:\ProgramData\Oracle\Java\javapath;C:\Program Files\Common Files\Microsoft Shared\Windows Live;C:\Program Files (x86)\Common Files\Microsoft Shared\Windows Live;C:\Program Files (x86)\NVIDIA Corporation\PhysX\Common;C:\Program Files (x86)\Intel\iCLS Client\;C:\Program Files\Intel\iCLS Client\;C:\Windows\system32;C:\Windows;C:\Windows\System32\Wbem;C:\Windows\System32\WindowsPowerShell\v1.0\;C:\Program Files\Intel\Intel(R) Management Engine Components\DAL;C:\Program Files\Intel\Intel(R) Management Engine Components\IPT;C:\Program Files (x86)\Intel\Intel(R) Management Engine Components\DAL;C:\Program Files (x86)\Intel\Intel(R) Management Engine Components\IPT;C:\Program Files (x86)\Intel\OpenCL SDK\2.0\bin\x86;C:\Program Files (x86)\Intel\OpenCL SDK\2.0\bin\x64;C:\Program Files\Intel\WiFi\bin\;C:\Program Files\Common Files\Intel\WirelessCommon\;C:\Program Files (x86)\Windows Live\Shared;C:\Program Files (x86)\Skype\Phone\;C:\Program Files (x86)\GitExtensions\
USERNAME=Jérémie
OS=Windows_NT
PROCESSOR_IDENTIFIER=Intel64 Family 6 Model 58 Stepping 9, GenuineIntel



---------------  S Y S T E M  ---------------

OS: Windows 7 , 64 bit Build 7601 (6.1.7601.23543)

CPU:total 8 (4 cores per cpu, 2 threads per core) family 6 model 58 stepping 9, cmov, cx8, fxsr, mmx, sse, sse2, sse3, ssse3, sse4.1, sse4.2, popcnt, avx, aes, clmul, erms, ht, tsc, tscinvbit, tscinv

Memory: 4k page, physical 8283508k(775620k free), swap 9330224k(7660k free)

vm_info: Java HotSpot(TM) 64-Bit Server VM (25.101-b13) for windows-amd64 JRE (1.8.0_101-b13), built on Jun 22 2016 01:21:29 by "java_re" with MS VC++ 10.0 (VS2010)

time: Tue Nov 01 11:34:11 2016
elapsed time: 92 seconds (0d 0h 1m 32s)

